// Jest Snapshot v1, https://goo.gl/fbAQLP

exports[`renders correctly 1`] = `
<span
  className="date-container"
>
  4 Feb 2019
</span>
`;
