// Jest Snapshot v1, https://goo.gl/fbAQLP

exports[`renders correctly 1`] = `
<div>
  <div />
  <div />
  <div />
  <div
    className="status-pill"
  />
</div>
`;
